============================= test session starts =============================
platform win32 -- Python 3.11.9, pytest-9.0.2, pluggy-1.6.0 -- C:\Users\tomwa\AppData\Local\Microsoft\WindowsApps\PythonSoftwareFoundation.Python.3.11_qbz5n2kfra8p0\python.exe
cachedir: .pytest_cache
rootdir: C:\Users\tomwa\Desktop\bank-app-2025-Darmsztradt
collecting ... collected 6 items

tests/unit/test_coverage_gaps.py::TestCoverageGaps::test_invalid_pesel_with_valid_promo PASSED [ 16%]
tests/unit/test_coverage_gaps.py::TestCoverageGaps::test_pesel_with_non_digits_value_error PASSED [ 33%]
tests/unit/test_coverage_gaps.py::TestCoverageGaps::test_promo_code_not_string PASSED [ 50%]
tests/unit/test_coverage_gaps.py::TestCoverageGaps::test_birth_year_1800s PASSED [ 66%]
tests/unit/test_coverage_gaps.py::TestCoverageGaps::test_birth_year_2100s FAILED [ 83%]
tests/unit/test_coverage_gaps.py::TestCoverageGaps::test_birth_year_2200s FAILED [100%]

================================== FAILURES ===================================
___________________ TestCoverageGaps.test_birth_year_2100s ____________________

self = <test_coverage_gaps.TestCoverageGaps object at 0x000002A56B581650>

    def test_birth_year_2100s(self):
        # Month 41 -> 2100s
        # Year 20, Month 41 -> 2120-01
        acc = PersonalAccount("John", "Doe", "20412912345", "PROM_12345") # 2120
        # 2120 > 1960 True
>       assert acc.balance == 50.0
E       assert 0.0 == 50.0
E        +  where 0.0 = <src.account.PersonalAccount object at 0x000002A56B58C450>.balance

tests\unit\test_coverage_gaps.py:38: AssertionError
___________________ TestCoverageGaps.test_birth_year_2200s ____________________

self = <test_coverage_gaps.TestCoverageGaps object at 0x000002A56B581D50>

    def test_birth_year_2200s(self):
        # Month 61 -> 2200s
        # Year 50, Month 61 -> 2250-01
        acc = PersonalAccount("John", "Doe", "50612912345", "PROM_12345") # 2250
        # 2250 > 1960 True
>       assert acc.balance == 50.0
E       assert 0.0 == 50.0
E        +  where 0.0 = <src.account.PersonalAccount object at 0x000002A56B580910>.balance

tests\unit\test_coverage_gaps.py:45: AssertionError
=========================== short test summary info ===========================
FAILED tests/unit/test_coverage_gaps.py::TestCoverageGaps::test_birth_year_2100s - assert 0.0 == 50.0
 +  where 0.0 = <src.account.PersonalAccount object at 0x000002A56B58C450>.balance
FAILED tests/unit/test_coverage_gaps.py::TestCoverageGaps::test_birth_year_2200s - assert 0.0 == 50.0
 +  where 0.0 = <src.account.PersonalAccount object at 0x000002A56B580910>.balance
========================= 2 failed, 4 passed in 0.06s =========================
